// Jest Snapshot v1, https://goo.gl/fbAQLP

exports[`Header renders properly 1`] = `
<header data-test-id="header" class="wrapper">
  <div class="branding"><span class="logo"><nuxt-link data-test-id="header__homeLink" to="/"><icon-stub datatestid="icon" title="UnBlocked â€“ Back to home" id="headerLogo"><logo-stub></logo-stub></icon-stub></nuxt-link></span>
    <h1 class="title">UnBlocked</h1>
  </div>
</header>
`;
