// Jest Snapshot v1, https://goo.gl/fbAQLP

exports[`Icon renders properly 1`] = `
<svg aria-labelledby="unique-id" viewBox="0 0 20 21" xmlns="http://www.w3.org/2000/svg">
  <title id="unique-id">SVG Title</title>
  <path data-test-id="Icon-slot"></path>
</svg>
`;
